// Jest Snapshot v1, https://goo.gl/fbAQLP

exports[`list item renders correctly 1`] = `
<View
  accessible={true}
  collapsable={false}
  focusable={true}
  onClick={[Function]}
  onResponderGrant={[Function]}
  onResponderMove={[Function]}
  onResponderRelease={[Function]}
  onResponderTerminate={[Function]}
  onResponderTerminationRequest={[Function]}
  onStartShouldSetResponder={[Function]}
  style={
    {
      "alignItems": "center",
      "backgroundColor": "#FFFFFF",
      "flexDirection": "row",
      "justifyContent": "space-between",
      "marginTop": 1,
      "opacity": 1,
      "padding": 10,
    }
  }
>
  <View
    style={
      {
        "alignItems": "center",
        "flexDirection": "row",
      }
    }
  >
    <Text>
      2
       
    </Text>
    <Image
      resizeMode="center"
      source={
        {
          "uri": undefined,
        }
      }
      style={
        {
          "height": 40,
          "width": 40,
        }
      }
    />
    <Text>
      Homer Simpsons
    </Text>
  </View>
  <View
    style={
      {
        "flexDirection": "row",
      }
    }
  >
    <View
      accessible={true}
      collapsable={false}
      focusable={false}
      onClick={[Function]}
      onResponderGrant={[Function]}
      onResponderMove={[Function]}
      onResponderRelease={[Function]}
      onResponderTerminate={[Function]}
      onResponderTerminationRequest={[Function]}
      onStartShouldSetResponder={[Function]}
      style={
        {
          "opacity": 1,
        }
      }
    >
      <Text
        style={
          {
            "color": "#000000",
            "fontSize": 24,
            "fontWeight": "600",
            "marginHorizontal": 10,
          }
        }
      >
        ↑
      </Text>
    </View>
    <View
      accessible={true}
      collapsable={false}
      focusable={false}
      onClick={[Function]}
      onResponderGrant={[Function]}
      onResponderMove={[Function]}
      onResponderRelease={[Function]}
      onResponderTerminate={[Function]}
      onResponderTerminationRequest={[Function]}
      onStartShouldSetResponder={[Function]}
      style={
        {
          "opacity": 1,
        }
      }
    >
      <Text
        style={
          {
            "color": "#000000",
            "fontSize": 24,
            "fontWeight": "600",
            "marginHorizontal": 10,
          }
        }
      >
        ↓
      </Text>
    </View>
    <View
      accessible={true}
      collapsable={false}
      focusable={false}
      onClick={[Function]}
      onResponderGrant={[Function]}
      onResponderMove={[Function]}
      onResponderRelease={[Function]}
      onResponderTerminate={[Function]}
      onResponderTerminationRequest={[Function]}
      onStartShouldSetResponder={[Function]}
      style={
        {
          "opacity": 1,
        }
      }
    >
      <Text
        style={
          {
            "color": "#000000",
            "fontSize": 24,
            "fontWeight": "600",
            "marginHorizontal": 10,
          }
        }
      >
        X
      </Text>
    </View>
  </View>
</View>
`;
